Turbo Assembler	 Version 4.1	    03/10/20 12:01:14	    Page 1
perfor.asm



      1	0000			     .model tiny
      2				     locals @@
      3	0000			     .code
      4				     .186
      5				     extrn Draw_Frame:proc
      6				     org 100h
      7
      8
      9	0100			     Start:
     10	0100  EB 12 90		     jmp next
     11
     12	0103  44 52 41 47 4F 4E	20+  Tittle: db	"DRAGON	X", 0
     13	      58 00
     14	010C  68 65 6C 6C 6F 6F	6F+  Text: db "hellooo", 0
     15	      00
     16
     17	0114			     next:
     18
     19	0114  B8 B800			     mov ax, GRAPHIC_PTR
     20	0117  8E C0			     mov es, ax
     21
     22	0119  B8 0103r			     mov ax, offset Tittle
     23	011C  8B F0			     mov si, ax
     24	011E  B4 4E			     mov ah, 4eh
     25	0120  B0 20			     mov al, ' '
     26	0122  B1 14			     mov cl, 20
     27	0124  B5 03			     mov ch, 3
     28	0126  B3 28			     mov bl, 40
     29	0128  B7 0A			     mov bh, 10
     30	012A  BD 010Cr			     lea bp, Text
     31
     32	012D  E8 0000e			     call Draw_Frame
     33
     34	0130  B8 4C00			     mov ax, 4c00h
     35	0133  CD 21			     int 21h
     36
     37				     ;--------------------------------------DEFINES---------------------------------
     38	      =0014		     X1	     equ 20
     39	      =0016		     XSH     equ 22
     40	      =000A		     Y1	     equ 10
     41	      =000B		     YSH     equ 11
     42	      =0032		     WID     equ 50
     43	      =000A		     HEIGHT  equ  10
     44	      =B800		     GRAPHIC_PTR equ 0b800h
     45	      =204E		     LETTER_STYLE equ 204eh
     46	      =0014		     LLENGTH	     equ 20
     47				     ;--------------------------------------------------------------------------------
     48
     49				     end     Start
Turbo Assembler	 Version 4.1	    03/10/20 12:01:14	    Page 2
Symbol Table




Symbol Name			  Type	 Value

??DATE				  Text	 "03/10/20"
??FILENAME			  Text	 "perfor  "
??TIME				  Text	 "12:01:14"
??VERSION			  Number 040A
@32BIT				  Text	 0
@CODE				  Text	 DGROUP
@CODESIZE			  Text	 0
@CPU				  Text	 0103H
@CURSEG				  Text	 _TEXT
@DATA				  Text	 DGROUP
@DATASIZE			  Text	 0
@FILENAME			  Text	 PERFOR
@INTERFACE			  Text	 000H
@MODEL				  Text	 1
@STACK				  Text	 DGROUP
@WORDSIZE			  Text	 2
DRAW_FRAME			  Near	 DGROUP:---- Extern
GRAPHIC_PTR			  Number B800
HEIGHT				  Number 000A
LETTER_STYLE			  Number 204E
LLENGTH				  Number 0014
NEXT				  Near	 DGROUP:0114
START				  Near	 DGROUP:0100
TEXT				  Near	 DGROUP:010C
TITTLE				  Near	 DGROUP:0103
WID				  Number 0032
X1				  Number 0014
XSH				  Number 0016
Y1				  Number 000A
YSH				  Number 000B

Groups & Segments		  Bit Size Align  Combine Class

DGROUP				  Group
  _DATA				  16  0000 Word	  Public  DATA
  _TEXT				  16  0135 Word	  Public  CODE
